<?xml version="1.0" encoding="UTF-8"?>
<program language="IPPcode19">
    <instruction order="1" opcode="DEFVAR">
        <arg1 type="var">GF@operace</arg1>
    </instruction>
    <instruction order="2" opcode="DEFVAR">
        <arg1 type="var">GF@op1</arg1>
    </instruction>
    <instruction order="3" opcode="DEFVAR">
        <arg1 type="var">GF@op2</arg1>
    </instruction>
    <instruction order="4" opcode="DEFVAR">
        <arg1 type="var">GF@type</arg1>
    </instruction>
    <instruction order="5" opcode="LABEL">
        <arg1 type="label">start</arg1>
    </instruction>
    <instruction order="6" opcode="WRITE">
        <arg1 type="string">Zadejte\032vaši\032operaci\032(+,-,*,/)\032nebo\032e\032pro\032ukončení:</arg1>
    </instruction>
    <instruction order="7" opcode="READ">
        <arg1 type="var">GF@operace</arg1>
        <arg2 type="type">string</arg2>
    </instruction>
    <instruction order="8" opcode="JUMPIFEQ">
        <arg1 type="label">konec</arg1>
        <arg2 type="var">GF@operace</arg2>
        <arg3 type="string">e</arg3>
    </instruction>
    <instruction order="9" opcode="WRITE">
        <arg1 type="string">Zadejte\032číslo\0321:\010</arg1>
    </instruction>
    <instruction order="10" opcode="READ">
        <arg1 type="var">GF@op1</arg1>
        <arg2 type="type">int</arg2>
    </instruction>
    <instruction order="11" opcode="WRITE">
        <arg1 type="string">Zadejte\032číslo\0322:\010</arg1>
    </instruction>
    <instruction order="12" opcode="READ">
        <arg1 type="var">GF@op2</arg1>
        <arg2 type="type">int</arg2>
    </instruction>
    <instruction order="13" opcode="JUMPIFEQ">
        <arg1 type="label">plus</arg1>
        <arg2 type="var">GF@operace</arg2>
        <arg3 type="string">+</arg3>
    </instruction>
    <instruction order="14" opcode="JUMPIFEQ">
        <arg1 type="label">minus</arg1>
        <arg2 type="var">GF@operace</arg2>
        <arg3 type="string">-</arg3>
    </instruction>
    <instruction order="15" opcode="JUMPIFEQ">
        <arg1 type="label">krat</arg1>
        <arg2 type="var">GF@operace</arg2>
        <arg3 type="string">*</arg3>
    </instruction>
    <instruction order="16" opcode="JUMPIFEQ">
        <arg1 type="label">deleno</arg1>
        <arg2 type="var">GF@operace</arg2>
        <arg3 type="string">/</arg3>
    </instruction>
    <instruction order="17" opcode="JUMP">
        <arg1 type="label">error</arg1>
    </instruction>
    <instruction order="18" opcode="LABEL">
        <arg1 type="label">plus</arg1>
    </instruction>
    <instruction order="19" opcode="ADD">
        <arg1 type="var">GF@op1</arg1>
        <arg2 type="var">GF@op1</arg2>
        <arg3 type="var">GF@op2</arg3>
    </instruction>
    <instruction order="20" opcode="WRITE">
        <arg1 type="string">Váš\032výsledek:\032</arg1>
    </instruction>
    <instruction order="21" opcode="WRITE">
        <arg1 type="var">GF@op1</arg1>
    </instruction>
    <instruction order="22" opcode="WRITE">
        <arg1 type="string">\010</arg1>
    </instruction>
    <instruction order="23" opcode="JUMP">
        <arg1 type="label">start</arg1>
    </instruction>
    <instruction order="24" opcode="LABEL">
        <arg1 type="label">minus</arg1>
    </instruction>
    <instruction order="25" opcode="SUB">
        <arg1 type="var">GF@op1</arg1>
        <arg2 type="var">GF@op1</arg2>
        <arg3 type="var">GF@op2</arg3>
    </instruction>
    <instruction order="26" opcode="WRITE">
        <arg1 type="string">Váš\032výsledek:\032</arg1>
    </instruction>
    <instruction order="27" opcode="WRITE">
        <arg1 type="var">GF@op1</arg1>
    </instruction>
    <instruction order="28" opcode="WRITE">
        <arg1 type="string">\010</arg1>
    </instruction>
    <instruction order="29" opcode="JUMP">
        <arg1 type="label">start</arg1>
    </instruction>
    <instruction order="30" opcode="LABEL">
        <arg1 type="label">krat</arg1>
    </instruction>
    <instruction order="31" opcode="MUL">
        <arg1 type="var">GF@op1</arg1>
        <arg2 type="var">GF@op1</arg2>
        <arg3 type="var">GF@op2</arg3>
    </instruction>
    <instruction order="32" opcode="WRITE">
        <arg1 type="string">Váš\032výsledek:\032</arg1>
    </instruction>
    <instruction order="33" opcode="WRITE">
        <arg1 type="var">GF@op1</arg1>
    </instruction>
    <instruction order="34" opcode="WRITE">
        <arg1 type="string">\010</arg1>
    </instruction>
    <instruction order="35" opcode="JUMP">
        <arg1 type="label">start</arg1>
    </instruction>
    <instruction order="36" opcode="LABEL">
        <arg1 type="label">deleno</arg1>
    </instruction>
    <instruction order="37" opcode="IDIV">
        <arg1 type="var">GF@op1</arg1>
        <arg2 type="var">GF@op1</arg2>
        <arg3 type="var">GF@op2</arg3>
    </instruction>
    <instruction order="38" opcode="WRITE">
        <arg1 type="string">Váš\032výsledek:\032</arg1>
    </instruction>
    <instruction order="39" opcode="WRITE">
        <arg1 type="var">GF@op1</arg1>
    </instruction>
    <instruction order="40" opcode="WRITE">
        <arg1 type="string">\010</arg1>
    </instruction>
    <instruction order="41" opcode="JUMP">
        <arg1 type="label">start</arg1>
    </instruction>
    <instruction order="42" opcode="LABEL">
        <arg1 type="label">error</arg1>
    </instruction>
    <instruction order="43" opcode="WRITE">
        <arg1 type="string">Spatny\032vstupni\032typ!\010</arg1>
    </instruction>
    <instruction order="44" opcode="LABEL">
        <arg1 type="label">konec</arg1>
    </instruction>
</program>
