<?xml version="1.0" encoding="UTF-8"?>
<program language="IPPcode19">
    <instruction order="1" opcode="DEFVAR">
        <arg1 type="var">GF@first</arg1>
    </instruction>
    <instruction order="2" opcode="DEFVAR">
        <arg1 type="var">GF@second</arg1>
    </instruction>
    <instruction order="3" opcode="MOVE">
        <arg1 type="var">GF@second</arg1>
        <arg2 type="int">10</arg2>
    </instruction>
    <instruction order="4" opcode="MOVE">
        <arg1 type="var">GF@first</arg1>
        <arg2 type="var">GF@second</arg2>
    </instruction>
    <instruction order="5" opcode="CREATEFRAME"/>
    <instruction order="6" opcode="DEFVAR">
        <arg1 type="var">TF@new</arg1>
    </instruction>
    <instruction order="7" opcode="DEFVAR">
        <arg1 type="var">TF@som</arg1>
    </instruction>
    <instruction order="8" opcode="PUSHFRAME"/>
</program>
