<?xml version="1.0" encoding="UTF-8"?>
<program language="IPPcode19">
    <instruction order="1" opcode="WRITE">
        <arg1 type="int">10</arg1>
    </instruction>
    <instruction order="2" opcode="WRITE">
        <arg1 type="string">some</arg1>
    </instruction>
    <instruction order="3" opcode="WRITE">
        <arg1 type="bool">true</arg1>
    </instruction>
    <instruction order="4" opcode="WRITE">
        <arg1 type="var">GF@so</arg1>
    </instruction>
</program>
