<?xml version="1.0" encoding="UTF-8"?>
<program language="IPPcode19">
    <instruction order="1" opcode="DEFVAR">
        <arg1 type="var">GF@some</arg1>
    </instruction>
    <instruction order="2" opcode="READ">
        <arg1 type="var">GF@some</arg1>
        <arg2 type="type">int</arg2>
    </instruction>
    <instruction order="3" opcode="WRITE">
        <arg1 type="var">GF@some</arg1>
    </instruction>
    <instruction order="4" opcode="BREAK"/>
</program>
